EcoRide Backend running on http://localhost:3000
node : 
<anonymous_script>:0
At line:1 char:1
+ node server.js > 
error_log.txt 2>&1
+ ~~~~~~~~~~~~~~~~~~~
~~~~~~~~~~~~~~~~
    + CategoryInfo   
           : NotSpe  
  cified: (<anonym   
 ous_script>:0:St    
ring) [], Remote    
Exception
    + FullyQualified 
   ErrorId : Native  
  CommandError
 


[Error: 
SQLITE_ERROR: table 
users has no column 
named has_car
Emitted 'error' 
event on Statement 
instance at:
] {
  errno: 1,
  code: 
'SQLITE_ERROR'
}

Node.js v22.17.1
